=============================================
Job started at: Thu Jun 11 21:28:40 CEST 2026
Running on node: 
Current directory: /leonardo/home/userexternal/asathyan/2Fast2Detections/code
Python location: /leonardo/home/userexternal/asathyan/.cvenv/bin/python
Allocated GPU Info:
Thu Jun 11 21:28:40 2026       
+---------------------------------------------------------------------------------------+
| NVIDIA-SMI 535.274.02             Driver Version: 535.274.02   CUDA Version: 12.2     |
|-----------------------------------------+----------------------+----------------------+
| GPU  Name                 Persistence-M | Bus-Id        Disp.A | Volatile Uncorr. ECC |
| Fan  Temp   Perf          Pwr:Usage/Cap |         Memory-Usage | GPU-Util  Compute M. |
|                                         |                      |               MIG M. |
|=========================================+======================+======================|
|   0  NVIDIA A100-SXM-64GB           On  | 00000000:C8:00.0 Off |                    0 |
| N/A   43C    P0              59W / 458W |      0MiB / 65536MiB |      0%      Default |
|                                         |                      |             Disabled |
+-----------------------------------------+----------------------+----------------------+
                                                                                         
+---------------------------------------------------------------------------------------+
| Processes:                                                                            |
|  GPU   GI   CI        PID   Type   Process name                            GPU Memory |
|        ID   ID                                                             Usage      |
|=======================================================================================|
|  No running processes found                                                           |
+---------------------------------------------------------------------------------------+
=============================================
Thu Jun 11 21:28:46 2026       
+---------------------------------------------------------------------------------------+
| NVIDIA-SMI 535.274.02             Driver Version: 535.274.02   CUDA Version: 12.2     |
|-----------------------------------------+----------------------+----------------------+
| GPU  Name                 Persistence-M | Bus-Id        Disp.A | Volatile Uncorr. ECC |
| Fan  Temp   Perf          Pwr:Usage/Cap |         Memory-Usage | GPU-Util  Compute M. |
|                                         |                      |               MIG M. |
|=========================================+======================+======================|
|   0  NVIDIA A100-SXM-64GB           On  | 00000000:C8:00.0 Off |                    0 |
| N/A   43C    P0              59W / 458W |      4MiB / 65536MiB |      0%      Default |
|                                         |                      |             Disabled |
+-----------------------------------------+----------------------+----------------------+
                                                                                         
+---------------------------------------------------------------------------------------+
| Processes:                                                                            |
|  GPU   GI   CI        PID   Type   Process name                            GPU Memory |
|        ID   ID                                                             Usage      |
|=======================================================================================|
|  No running processes found                                                           |
+---------------------------------------------------------------------------------------+
GPU available: True
Device: cuda
Traininf with resnet50 backbone with 2 trainable backbone stages

============================================================
PHASE 1: DATA PREPARATION
============================================================
Train/val data is already present in '/leonardo/home/userexternal/asathyan/2Fast2Detections/data/RRDataset_original_train_val'. Skipping download!
Top level folders in data directory: ['test_subset', 'drct_recon', 'RRDataset_original_train_val']
Test subset is already extracted (4000 images found). Skipping download!

--- Building leak-free splits ---
  original: 2500 train / 500 val
  transmitted+redigitalized (test_subset): 4000 images

Train subset size: 5200
Validation subset size: 1300

Training balance matrix:
binary_label     fake  real
transform_label            
original         1000  1000
redigitalized     725   800
transmitted       875   800

--- Hardware & Subset Documentation ---
Device: cuda
GPU: NVIDIA A100-SXM-64GB
GPU Memory: 68.1 GB
Subset per class: 1000
Total training images: 5200
Total validation images: 1300
Backbone: resnet50

============================================================
PHASE 2: UNIMODAL BASELINES
============================================================

============================================================
Training Unimodal Baseline [binary] | 10 epochs
============================================================

Epoch [1/10] Loss: 0.4961 | LR: 0.000098
  [Train] Acc: 75.27%
  [Val]   Acc: 63.92%
  ★ New best model saved (63.92%)

Epoch [2/10] Loss: 0.3820 | LR: 0.000090
  [Train] Acc: 82.67%
  [Val]   Acc: 67.38%
  ★ New best model saved (67.38%)

Epoch [3/10] Loss: 0.3306 | LR: 0.000079
  [Train] Acc: 84.85%
  [Val]   Acc: 70.38%
  ★ New best model saved (70.38%)

Epoch [4/10] Loss: 0.2932 | LR: 0.000065
  [Train] Acc: 87.65%
  [Val]   Acc: 70.00%

Epoch [5/10] Loss: 0.2718 | LR: 0.000050
  [Train] Acc: 88.63%
  [Val]   Acc: 75.08%
  ★ New best model saved (75.08%)

Epoch [6/10] Loss: 0.2496 | LR: 0.000035
  [Train] Acc: 89.58%
  [Val]   Acc: 78.15%
  ★ New best model saved (78.15%)

Epoch [7/10] Loss: 0.2361 | LR: 0.000021
  [Train] Acc: 90.15%
  [Val]   Acc: 71.92%

Epoch [8/10] Loss: 0.2110 | LR: 0.000010
  [Train] Acc: 91.33%
  [Val]   Acc: 74.23%

Epoch [9/10] Loss: 0.2090 | LR: 0.000002
  [Train] Acc: 91.40%
  [Val]   Acc: 73.15%

⚠ Early stopping triggered at epoch 9

✓ Restored best model (val acc: 78.15%)

========================= Unimodal Binary Baseline =========================
              precision    recall  f1-score   support

        Real     0.8978    0.6354    0.7441       650
        Fake     0.7179    0.9277    0.8094       650

    accuracy                         0.7815      1300
   macro avg     0.8078    0.7815    0.7768      1300
weighted avg     0.8078    0.7815    0.7768      1300


============================================================
Training Unimodal Baseline [transform] | 10 epochs
============================================================

Epoch [1/10] Loss: 0.7125 | LR: 0.000098
  [Train] Acc: 67.42%
  [Val]   Acc: 44.46%
  ★ New best model saved (44.46%)

Epoch [2/10] Loss: 0.4309 | LR: 0.000090
  [Train] Acc: 82.12%
  [Val]   Acc: 44.85%
  ★ New best model saved (44.85%)

Epoch [3/10] Loss: 0.3579 | LR: 0.000079
  [Train] Acc: 85.42%
  [Val]   Acc: 43.77%

Epoch [4/10] Loss: 0.3099 | LR: 0.000065
  [Train] Acc: 87.08%
  [Val]   Acc: 42.77%

Epoch [5/10] Loss: 0.2982 | LR: 0.000050
  [Train] Acc: 87.62%
  [Val]   Acc: 42.69%

⚠ Early stopping triggered at epoch 5

✓ Restored best model (val acc: 44.85%)

========================= Unimodal Transform Baseline =========================
               precision    recall  f1-score   support

     Original     0.4117    0.9980    0.5829       500
  Transmitted     0.9722    0.0835    0.1538       419
Redigitalized     0.9423    0.1286    0.2263       381

     accuracy                         0.4485      1300
    macro avg     0.7754    0.4034    0.3210      1300
 weighted avg     0.7479    0.4485    0.3401      1300


============================================================
PHASE 3: MULTI-TASK JOINT TRAINING
============================================================

============================================================
Training [multitask_equal] | w1=0.5, w2=0.5 | 10 epochs
============================================================

Epoch [1/10] Loss: 0.6436 | LR: 0.000098
  [Train] Real/Fake: 72.83% | Transform: 65.13%
  [Val]   Real/Fake: 64.69% | Transform: 45.92%
  ★ New best model saved (55.31%)

Epoch [2/10] Loss: 0.4377 | LR: 0.000090
  [Train] Real/Fake: 80.62% | Transform: 80.21%
  [Val]   Real/Fake: 66.62% | Transform: 45.08%
  ★ New best model saved (55.85%)

Epoch [3/10] Loss: 0.3683 | LR: 0.000079
  [Train] Real/Fake: 83.90% | Transform: 84.10%
  [Val]   Real/Fake: 62.92% | Transform: 43.62%

Epoch [4/10] Loss: 0.3358 | LR: 0.000065
  [Train] Real/Fake: 85.85% | Transform: 86.35%
  [Val]   Real/Fake: 81.62% | Transform: 43.69%
  ★ New best model saved (62.65%)

Epoch [5/10] Loss: 0.2980 | LR: 0.000050
  [Train] Real/Fake: 87.12% | Transform: 88.06%
  [Val]   Real/Fake: 68.92% | Transform: 43.77%

Epoch [6/10] Loss: 0.2844 | LR: 0.000035
  [Train] Real/Fake: 87.31% | Transform: 88.42%
  [Val]   Real/Fake: 69.23% | Transform: 42.62%

Epoch [7/10] Loss: 0.2564 | LR: 0.000021
  [Train] Real/Fake: 89.29% | Transform: 89.77%
  [Val]   Real/Fake: 69.08% | Transform: 43.00%

⚠ Early stopping triggered at epoch 7

✓ Restored best model (val score: 62.65%)

========================= Multi-Task Real/Fake =========================
              precision    recall  f1-score   support

        Real     0.8489    0.7692    0.8071       650
        Fake     0.7890    0.8631    0.8244       650

    accuracy                         0.8162      1300
   macro avg     0.8190    0.8162    0.8157      1300
weighted avg     0.8190    0.8162    0.8157      1300

  ROC-AUC: 0.9088 | Average Precision: 0.9119

========================= Multi-Task Transformation =========================
               precision    recall  f1-score   support

     Original     0.4068    1.0000    0.5784       500
  Transmitted     1.0000    0.0692    0.1295       419
Redigitalized     0.9286    0.1024    0.1844       381

     accuracy                         0.4369      1300
    macro avg     0.7785    0.3905    0.2974      1300
 weighted avg     0.7509    0.4369    0.3182      1300


============================================================
PHASE 4: UNIMODAL vs MULTI-TASK COMPARISON
============================================================

############################################################
UNIMODAL vs MULTI-TASK COMPARISON
############################################################
                    Model Real/Fake Acc (%) Transform Acc (%)
   Unimodal (Binary only)             78.15               N/A
Unimodal (Transform only)               N/A             44.85
       Multi-task (Joint)             81.62             43.69

  Delta (Binary):    +3.46% ↑ improved
  Delta (Transform): -1.15% ↓ degraded

  ~ Joint training has mixed effects — partial complementarity.

============================================================
PHASE 5: PER-TRANSFORMATION ACCURACY BREAKDOWN
============================================================

============================================================
PER-TRANSFORMATION REAL/FAKE ACCURACY BREAKDOWN
============================================================

  [ORIGINAL] (n=500)
    Overall Real/Fake Acc: 83.60%
    Real images correct:   75.60% (n=250)
    Fake images correct:   91.60% (n=250)

  [TRANSMITTED] (n=419)
    Overall Real/Fake Acc: 81.62%
    Real images correct:   78.00% (n=200)
    Fake images correct:   84.93% (n=219)

  [REDIGITALIZED] (n=381)
    Overall Real/Fake Acc: 79.00%
    Real images correct:   77.50% (n=200)
    Fake images correct:   80.66% (n=181)

============================================================
PHASE 6: CROSS-CLASS TRANSFORMATION TRACE ANALYSIS
============================================================

============================================================
CROSS-CLASS TRANSFORMATION TRACE ANALYSIS
============================================================

Detailed 6-cell analysis (binary_class × transform_type):
binary_class transform_type  n_samples  binary_acc  binary_misclass_rate  avg_confidence  transform_acc
        real       original        250      0.7560                0.2440          0.7483         1.0000
        real    transmitted        200      0.7800                0.2200          0.7680         0.0100
        real  redigitalized        200      0.7750                0.2250          0.7742         0.0300
        fake       original        250      0.9160                0.0840          0.8972         1.0000
        fake    transmitted        219      0.8493                0.1507          0.8250         0.1233
        fake  redigitalized        181      0.8066                0.1934          0.7746         0.1823

============================================================
PHASE 8: VISUAL INFERENCE
============================================================

============================================================
PHASE 9: SAVING RESULTS
============================================================

============================================================
ALL EXPERIMENTS COMPLETE! Total time: 9.1 minutes
Results saved to: /leonardo/home/userexternal/asathyan/2Fast2Detections/results/
Model checkpoints: /leonardo/home/userexternal/asathyan/2Fast2Detections/checkpoints/
Experiment summary: /leonardo/home/userexternal/asathyan/2Fast2Detections/results/experiment_summary.json
============================================================
=============================================
Job finished at: Thu Jun 11 21:37:59 CEST 2026
=============================================
