Loading python/3.11.7
  Loading requirement: bzip2/1.0.8-ib3znej libmd/1.0.4-2km2lxx
    libbsd/0.12.1-oocs6an expat/2.6.2-p2t4wry ncurses/6.5-svfl57u
    readline/8.2-zeda6mx gdbm/1.23-wiol7vk libiconv/1.17-nhc3mhm
    xz/5.4.6-xxxg42c zlib-ng/2.1.6-jkgunjc libxml2/2.10.3-zbbe7lm
    pigz/2.8-5bwzpml zstd/1.5.6-uq5yyux tar/1.34-jgektnv gettext/0.22.5-hsxgafg
    libffi/3.4.6-4vs4jpp libxcrypt/4.4.35-7om46b5 sqlite/3.43.2-4kl5mnp
    util-linux-uuid/2.38.1-5achpds
=============================================
Job started at: Mon Jun  8 12:06:28 CEST 2026
Running on node: 
Current directory: /leonardo/home/userexternal/asathyan/2Fast2Detections/code
Python location: /leonardo/home/userexternal/asathyan/2Fast2Detections/code/.cvenv/bin/python
Allocated GPU Info:
Mon Jun  8 12:06:28 2026       
+---------------------------------------------------------------------------------------+
| NVIDIA-SMI 535.274.02             Driver Version: 535.274.02   CUDA Version: 12.2     |
|-----------------------------------------+----------------------+----------------------+
| GPU  Name                 Persistence-M | Bus-Id        Disp.A | Volatile Uncorr. ECC |
| Fan  Temp   Perf          Pwr:Usage/Cap |         Memory-Usage | GPU-Util  Compute M. |
|                                         |                      |               MIG M. |
|=========================================+======================+======================|
|   0  NVIDIA A100-SXM-64GB           On  | 00000000:8F:00.0 Off |                    0 |
| N/A   43C    P0              60W / 464W |      0MiB / 65536MiB |      0%      Default |
|                                         |                      |             Disabled |
+-----------------------------------------+----------------------+----------------------+
                                                                                         
+---------------------------------------------------------------------------------------+
| Processes:                                                                            |
|  GPU   GI   CI        PID   Type   Process name                            GPU Memory |
|        ID   ID                                                             Usage      |
|=======================================================================================|
|  No running processes found                                                           |
+---------------------------------------------------------------------------------------+
=============================================
Mon Jun  8 12:06:34 2026       
+---------------------------------------------------------------------------------------+
| NVIDIA-SMI 535.274.02             Driver Version: 535.274.02   CUDA Version: 12.2     |
|-----------------------------------------+----------------------+----------------------+
| GPU  Name                 Persistence-M | Bus-Id        Disp.A | Volatile Uncorr. ECC |
| Fan  Temp   Perf          Pwr:Usage/Cap |         Memory-Usage | GPU-Util  Compute M. |
|                                         |                      |               MIG M. |
|=========================================+======================+======================|
|   0  NVIDIA A100-SXM-64GB           On  | 00000000:8F:00.0 Off |                    0 |
| N/A   43C    P0              60W / 464W |      4MiB / 65536MiB |      0%      Default |
|                                         |                      |             Disabled |
+-----------------------------------------+----------------------+----------------------+
                                                                                         
+---------------------------------------------------------------------------------------+
| Processes:                                                                            |
|  GPU   GI   CI        PID   Type   Process name                            GPU Memory |
|        ID   ID                                                             Usage      |
|=======================================================================================|
|  No running processes found                                                           |
+---------------------------------------------------------------------------------------+
GPU available: True
Device: cuda

============================================================
PHASE 1: DATA PREPARATION
============================================================
Train/val data is already present in '/leonardo/home/userexternal/asathyan/2Fast2Detections/data/RRDataset_original_train_val'. Skipping download!
Top level folders in data directory: ['test_subset', 'RRDataset_original_train_val']
Test subset is already extracted (4000 images found). Skipping download!

--- Building leak-free splits ---
  original: 2500 train / 500 val
  transmitted+redigitalized (test_subset): 4000 images
[DRCT] diffusers not available (No module named 'diffusers'). Skipping reconstruction; training will use labelled data + contrastive loss only.

Train subset size: 5200
Validation subset size: 1300

Training balance matrix:
binary_label     fake  real
transform_label            
original         1000  1000
redigitalized     725   800
transmitted       875   800

--- Hardware & Subset Documentation ---
Device: cuda
GPU: NVIDIA A100-SXM-64GB
GPU Memory: 68.1 GB
Subset per class: 1000
Total training images: 5200
Total validation images: 1300
Backbone: convnext_base

============================================================
PHASE 2: UNIMODAL BASELINES
============================================================

============================================================
Training Unimodal Baseline [binary] | 10 epochs
============================================================

Epoch [1/10] Loss: 0.4687 | LR: 0.000098
  [Train] Acc: 78.10%
  [Val]   Acc: 65.62%
  ★ New best model saved (65.62%)

Epoch [2/10] Loss: 0.3283 | LR: 0.000090
  [Train] Acc: 85.90%
  [Val]   Acc: 67.62%
  ★ New best model saved (67.62%)

Epoch [3/10] Loss: 0.2799 | LR: 0.000079
  [Train] Acc: 88.29%
  [Val]   Acc: 70.00%
  ★ New best model saved (70.00%)

Epoch [4/10] Loss: 0.2427 | LR: 0.000065
  [Train] Acc: 89.71%
  [Val]   Acc: 78.23%
  ★ New best model saved (78.23%)

Epoch [5/10] Loss: 0.2201 | LR: 0.000050
  [Train] Acc: 91.40%
  [Val]   Acc: 74.00%

Epoch [6/10] Loss: 0.1848 | LR: 0.000035
  [Train] Acc: 92.94%
  [Val]   Acc: 73.15%

Epoch [7/10] Loss: 0.1628 | LR: 0.000021
  [Train] Acc: 93.58%
  [Val]   Acc: 64.69%

⚠ Early stopping triggered at epoch 7

✓ Restored best model (val acc: 78.23%)

========================= Unimodal Binary Baseline =========================
              precision    recall  f1-score   support

        Real     0.8929    0.6415    0.7466       650
        Fake     0.7203    0.9231    0.8092       650

    accuracy                         0.7823      1300
   macro avg     0.8066    0.7823    0.7779      1300
weighted avg     0.8066    0.7823    0.7779      1300


============================================================
Training Unimodal Baseline [transform] | 10 epochs
============================================================

Epoch [1/10] Loss: 0.5988 | LR: 0.000098
  [Train] Acc: 73.15%
  [Val]   Acc: 46.15%
  ★ New best model saved (46.15%)

Epoch [2/10] Loss: 0.3218 | LR: 0.000090
  [Train] Acc: 87.85%
  [Val]   Acc: 43.38%

Epoch [3/10] Loss: 0.2537 | LR: 0.000079
  [Train] Acc: 90.13%
  [Val]   Acc: 43.08%

Epoch [4/10] Loss: 0.2261 | LR: 0.000065
  [Train] Acc: 91.04%
  [Val]   Acc: 42.62%

⚠ Early stopping triggered at epoch 4

✓ Restored best model (val acc: 46.15%)

========================= Unimodal Transform Baseline =========================
               precision    recall  f1-score   support

     Original     0.4174    0.9960    0.5883       500
  Transmitted     1.0000    0.0740    0.1378       419
Redigitalized     0.9342    0.1864    0.3107       381

     accuracy                         0.4615      1300
    macro avg     0.7839    0.4188    0.3456      1300
 weighted avg     0.7567    0.4615    0.3617      1300


============================================================
PHASE 3: MULTI-TASK JOINT TRAINING
============================================================

============================================================
Training [multitask_equal] | w1=0.5, w2=0.5 | DRCT contrastive=0.2 | 10 epochs
============================================================

Epoch [1/10] Loss: 1.2221 (con: 3.3537) | LR: 0.000098
  [Train] Real/Fake: 76.23% | Transform: 73.29%
  [Val]   Real/Fake: 60.54% | Transform: 47.00%
  ★ New best model saved (53.77%)

Epoch [2/10] Loss: 0.9917 (con: 3.2629) | LR: 0.000090
  [Train] Real/Fake: 84.29% | Transform: 87.27%
  [Val]   Real/Fake: 65.08% | Transform: 44.00%
  ★ New best model saved (54.54%)

Epoch [3/10] Loss: 0.9309 (con: 3.2137) | LR: 0.000079
  [Train] Real/Fake: 87.06% | Transform: 89.69%
  [Val]   Real/Fake: 65.69% | Transform: 44.38%
  ★ New best model saved (55.04%)

Epoch [4/10] Loss: 0.8763 (con: 3.1620) | LR: 0.000065
  [Train] Real/Fake: 88.81% | Transform: 91.56%
  [Val]   Real/Fake: 56.54% | Transform: 44.85%

Epoch [5/10] Loss: 0.8365 (con: 3.1254) | LR: 0.000050
  [Train] Real/Fake: 90.25% | Transform: 92.77%
  [Val]   Real/Fake: 62.00% | Transform: 44.15%

Epoch [6/10] Loss: 0.8019 (con: 3.0723) | LR: 0.000035
  [Train] Real/Fake: 92.02% | Transform: 93.19%
  [Val]   Real/Fake: 61.46% | Transform: 44.62%

⚠ Early stopping triggered at epoch 6

✓ Restored best model (val score: 55.04%)

========================= Multi-Task Real/Fake =========================
              precision    recall  f1-score   support

        Real     0.8446    0.3846    0.5285       650
        Fake     0.6016    0.9292    0.7304       650

    accuracy                         0.6569      1300
   macro avg     0.7231    0.6569    0.6294      1300
weighted avg     0.7231    0.6569    0.6294      1300

  ROC-AUC: 0.8525 | Average Precision: 0.8830

========================= Multi-Task Transformation =========================
               precision    recall  f1-score   support

     Original     0.4088    1.0000    0.5804       500
  Transmitted     1.0000    0.0931    0.1703       419
Redigitalized     1.0000    0.0997    0.1814       381

     accuracy                         0.4438      1300
    macro avg     0.8029    0.3976    0.3107      1300
 weighted avg     0.7726    0.4438    0.3313      1300


============================================================
PHASE 4: UNIMODAL vs MULTI-TASK COMPARISON
============================================================

############################################################
UNIMODAL vs MULTI-TASK COMPARISON
############################################################
                    Model Real/Fake Acc (%) Transform Acc (%)
   Unimodal (Binary only)             78.23               N/A
Unimodal (Transform only)               N/A             46.15
       Multi-task (Joint)             65.69             44.38

  Delta (Binary):    -12.54% ↓ degraded
  Delta (Transform): -1.77% ↓ degraded

  ✗ Joint training DEGRADES both tasks — the tasks compete for capacity.

============================================================
PHASE 5: PER-TRANSFORMATION ACCURACY BREAKDOWN
============================================================

============================================================
PER-TRANSFORMATION REAL/FAKE ACCURACY BREAKDOWN
============================================================

  [ORIGINAL] (n=500)
    Overall Real/Fake Acc: 63.60%
    Real images correct:   31.20% (n=250)
    Fake images correct:   96.00% (n=250)

  [TRANSMITTED] (n=419)
    Overall Real/Fake Acc: 66.35%
    Real images correct:   37.50% (n=200)
    Fake images correct:   92.69% (n=219)

  [REDIGITALIZED] (n=381)
    Overall Real/Fake Acc: 67.72%
    Real images correct:   48.50% (n=200)
    Fake images correct:   88.95% (n=181)

============================================================
PHASE 6: CROSS-CLASS TRANSFORMATION TRACE ANALYSIS
============================================================

============================================================
CROSS-CLASS TRANSFORMATION TRACE ANALYSIS
============================================================

Detailed 6-cell analysis (binary_class × transform_type):
binary_class transform_type  n_samples  binary_acc  binary_misclass_rate  avg_confidence  transform_acc
        real       original        250      0.3120                0.6880          0.3271         1.0000
        real    transmitted        200      0.3750                0.6250          0.3836         0.0200
        real  redigitalized        200      0.4850                0.5150          0.4916         0.0300
        fake       original        250      0.9600                0.0400          0.9484         1.0000
        fake    transmitted        219      0.9269                0.0731          0.9109         0.1598
        fake  redigitalized        181      0.8895                0.1105          0.8476         0.1768

============================================================
PHASE 8: VISUAL INFERENCE
============================================================

============================================================
PHASE 7: ABLATION STUDY (Loss Weight Sweep)
============================================================

############################################################
ABLATION STUDY: Loss Weight Sweep
############################################################

--- Config: w1=1.0, w2=0.0 (binary_only) ---

============================================================
Training [ablation_binary_only] | w1=1.0, w2=0.0 | DRCT contrastive=0.2 | 10 epochs
============================================================

Epoch [1/10] Loss: 1.1398 (con: 3.3360) | LR: 0.000098
  [Train] Real/Fake: 77.56% | Transform: 32.00%
  [Val]   Real/Fake: 64.54% | Transform: 34.46%
  ★ New best model saved (49.50%)

Epoch [2/10] Loss: 0.9734 (con: 3.2301) | LR: 0.000090
  [Train] Real/Fake: 85.69% | Transform: 32.65%
  [Val]   Real/Fake: 68.15% | Transform: 35.00%
  ★ New best model saved (51.58%)

Epoch [3/10] Loss: 0.9051 (con: 3.1658) | LR: 0.000079
  [Train] Real/Fake: 88.52% | Transform: 33.98%
  [Val]   Real/Fake: 74.15% | Transform: 35.85%
  ★ New best model saved (55.00%)

Epoch [4/10] Loss: 0.8585 (con: 3.1234) | LR: 0.000065
  [Train] Real/Fake: 90.33% | Transform: 34.60%
  [Val]   Real/Fake: 69.54% | Transform: 35.23%

Epoch [5/10] Loss: 0.8188 (con: 3.0740) | LR: 0.000050
  [Train] Real/Fake: 91.92% | Transform: 34.04%
  [Val]   Real/Fake: 69.85% | Transform: 35.69%

Epoch [6/10] Loss: 0.7767 (con: 3.0349) | LR: 0.000035
  [Train] Real/Fake: 93.10% | Transform: 34.38%
  [Val]   Real/Fake: 68.92% | Transform: 34.46%

⚠ Early stopping triggered at epoch 6

✓ Restored best model (val score: 55.00%)
  Final Val -> Real/Fake: 74.15%, Transform: 35.85%

--- Config: w1=0.75, w2=0.25 (binary_dominant) ---

============================================================
Training [ablation_binary_dominant] | w1=0.75, w2=0.25 | DRCT contrastive=0.2 | 10 epochs
============================================================

Epoch [1/10] Loss: 1.2132 (con: 3.3472) | LR: 0.000098
  [Train] Real/Fake: 77.83% | Transform: 65.38%
  [Val]   Real/Fake: 72.85% | Transform: 52.77%
  ★ New best model saved (62.81%)

Epoch [2/10] Loss: 1.0030 (con: 3.2395) | LR: 0.000090
  [Train] Real/Fake: 84.96% | Transform: 84.29%
  [Val]   Real/Fake: 66.00% | Transform: 51.00%

Epoch [3/10] Loss: 0.9344 (con: 3.1928) | LR: 0.000079
  [Train] Real/Fake: 87.50% | Transform: 88.02%
  [Val]   Real/Fake: 62.85% | Transform: 47.92%

Epoch [4/10] Loss: 0.8959 (con: 3.1542) | LR: 0.000065
  [Train] Real/Fake: 89.29% | Transform: 89.23%
  [Val]   Real/Fake: 64.15% | Transform: 44.00%

⚠ Early stopping triggered at epoch 4

✓ Restored best model (val score: 62.81%)
  Final Val -> Real/Fake: 72.85%, Transform: 52.77%

--- Config: w1=0.5, w2=0.5 (equal) ---

============================================================
Training [ablation_equal] | w1=0.5, w2=0.5 | DRCT contrastive=0.2 | 10 epochs
============================================================

Epoch [1/10] Loss: 1.2190 (con: 3.3497) | LR: 0.000098
  [Train] Real/Fake: 76.25% | Transform: 72.06%
  [Val]   Real/Fake: 64.92% | Transform: 50.00%
  ★ New best model saved (57.46%)

Epoch [2/10] Loss: 1.0026 (con: 3.2751) | LR: 0.000090
  [Train] Real/Fake: 82.77% | Transform: 87.90%
  [Val]   Real/Fake: 65.23% | Transform: 44.54%

Epoch [3/10] Loss: 0.9322 (con: 3.2201) | LR: 0.000079
  [Train] Real/Fake: 85.90% | Transform: 90.23%
  [Val]   Real/Fake: 71.85% | Transform: 44.31%
  ★ New best model saved (58.08%)

Epoch [4/10] Loss: 0.8759 (con: 3.1660) | LR: 0.000065
  [Train] Real/Fake: 88.65% | Transform: 91.40%
  [Val]   Real/Fake: 70.54% | Transform: 44.77%

Epoch [5/10] Loss: 0.8377 (con: 3.1095) | LR: 0.000050
  [Train] Real/Fake: 90.60% | Transform: 92.33%
  [Val]   Real/Fake: 70.23% | Transform: 44.77%

Epoch [6/10] Loss: 0.8018 (con: 3.0905) | LR: 0.000035
  [Train] Real/Fake: 90.98% | Transform: 93.85%
  [Val]   Real/Fake: 63.23% | Transform: 45.00%

⚠ Early stopping triggered at epoch 6

✓ Restored best model (val score: 58.08%)
  Final Val -> Real/Fake: 71.85%, Transform: 44.31%

--- Config: w1=0.25, w2=0.75 (transform_dominant) ---

============================================================
Training [ablation_transform_dominant] | w1=0.25, w2=0.75 | DRCT contrastive=0.2 | 10 epochs
============================================================

Epoch [1/10] Loss: 1.2559 (con: 3.3781) | LR: 0.000098
  [Train] Real/Fake: 73.92% | Transform: 72.42%
  [Val]   Real/Fake: 65.00% | Transform: 44.54%
  ★ New best model saved (54.77%)

Epoch [2/10] Loss: 0.9985 (con: 3.3041) | LR: 0.000090
  [Train] Real/Fake: 81.54% | Transform: 88.04%
  [Val]   Real/Fake: 69.15% | Transform: 45.77%
  ★ New best model saved (57.46%)

Epoch [3/10] Loss: 0.9265 (con: 3.2477) | LR: 0.000079
  [Train] Real/Fake: 85.06% | Transform: 90.19%
  [Val]   Real/Fake: 63.54% | Transform: 44.69%

Epoch [4/10] Loss: 0.8715 (con: 3.2006) | LR: 0.000065
  [Train] Real/Fake: 87.67% | Transform: 91.75%
  [Val]   Real/Fake: 60.00% | Transform: 44.69%

Epoch [5/10] Loss: 0.8331 (con: 3.1643) | LR: 0.000050
  [Train] Real/Fake: 88.46% | Transform: 93.17%
  [Val]   Real/Fake: 61.54% | Transform: 44.62%

⚠ Early stopping triggered at epoch 5

✓ Restored best model (val score: 57.46%)
  Final Val -> Real/Fake: 69.15%, Transform: 45.77%

--- Config: w1=0.0, w2=1.0 (transform_only) ---

============================================================
Training [ablation_transform_only] | w1=0.0, w2=1.0 | DRCT contrastive=0.2 | 10 epochs
============================================================

Epoch [1/10] Loss: 1.2778 (con: 3.3846) | LR: 0.000098
  [Train] Real/Fake: 48.71% | Transform: 72.25%
  [Val]   Real/Fake: 57.31% | Transform: 45.15%
  ★ New best model saved (51.23%)

Epoch [2/10] Loss: 0.9666 (con: 3.3381) | LR: 0.000090
  [Train] Real/Fake: 45.63% | Transform: 88.58%
  [Val]   Real/Fake: 54.92% | Transform: 46.69%

Epoch [3/10] Loss: 0.9151 (con: 3.3108) | LR: 0.000079
  [Train] Real/Fake: 47.37% | Transform: 90.23%
  [Val]   Real/Fake: 57.31% | Transform: 43.08%

Epoch [4/10] Loss: 0.8752 (con: 3.2781) | LR: 0.000065
  [Train] Real/Fake: 46.13% | Transform: 91.81%
  [Val]   Real/Fake: 56.31% | Transform: 45.69%

⚠ Early stopping triggered at epoch 4

✓ Restored best model (val score: 51.23%)
  Final Val -> Real/Fake: 57.31%, Transform: 45.15%

============================================================
PHASE 9: SAVING RESULTS
============================================================

============================================================
ALL EXPERIMENTS COMPLETE! Total time: 19.4 minutes
Results saved to: /leonardo/home/userexternal/asathyan/2Fast2Detections/results/
Model checkpoints: /leonardo/home/userexternal/asathyan/2Fast2Detections/checkpoints/
Experiment summary: /leonardo/home/userexternal/asathyan/2Fast2Detections/results/experiment_summary.json
============================================================
=============================================
Job finished at: Mon Jun  8 12:26:02 CEST 2026
=============================================
