Loading python/3.11.7
  Loading requirement: bzip2/1.0.8-ib3znej libmd/1.0.4-2km2lxx
    libbsd/0.12.1-oocs6an expat/2.6.2-p2t4wry ncurses/6.5-svfl57u
    readline/8.2-zeda6mx gdbm/1.23-wiol7vk libiconv/1.17-nhc3mhm
    xz/5.4.6-xxxg42c zlib-ng/2.1.6-jkgunjc libxml2/2.10.3-zbbe7lm
    pigz/2.8-5bwzpml zstd/1.5.6-uq5yyux tar/1.34-jgektnv gettext/0.22.5-hsxgafg
    libffi/3.4.6-4vs4jpp libxcrypt/4.4.35-7om46b5 sqlite/3.43.2-4kl5mnp
    util-linux-uuid/2.38.1-5achpds
=============================================
Job started at: Tue Jun  2 19:22:25 CEST 2026
Running on node: 
Current directory: /leonardo/home/userexternal/jbiebuyc/2Fast2Detections/code
Python location: /leonardo/home/userexternal/jbiebuyc/2Fast2Detections/.env/bin/python
Allocated GPU Info:
Tue Jun  2 19:22:25 2026       
+---------------------------------------------------------------------------------------+
| NVIDIA-SMI 535.274.02             Driver Version: 535.274.02   CUDA Version: 12.2     |
|-----------------------------------------+----------------------+----------------------+
| GPU  Name                 Persistence-M | Bus-Id        Disp.A | Volatile Uncorr. ECC |
| Fan  Temp   Perf          Pwr:Usage/Cap |         Memory-Usage | GPU-Util  Compute M. |
|                                         |                      |               MIG M. |
|=========================================+======================+======================|
|   0  NVIDIA A100-SXM-64GB           On  | 00000000:1D:00.0 Off |                    0 |
| N/A   43C    P0              63W / 475W |      0MiB / 65536MiB |      0%      Default |
|                                         |                      |             Disabled |
+-----------------------------------------+----------------------+----------------------+
                                                                                         
+---------------------------------------------------------------------------------------+
| Processes:                                                                            |
|  GPU   GI   CI        PID   Type   Process name                            GPU Memory |
|        ID   ID                                                             Usage      |
|=======================================================================================|
|  No running processes found                                                           |
+---------------------------------------------------------------------------------------+
=============================================
GPU available: False
Device: cpu

============================================================
PHASE 1: DATA PREPARATION
============================================================
Train/val data is already present in '/leonardo/home/userexternal/jbiebuyc/2Fast2Detections/data/RRDataset_original_train_val'. Skipping download!
Top level folders in data directory: ['test_subset', 'RRDataset_original_train_val']
Test subset is already extracted (4000 images found). Skipping download!
Loading existing metadata from /leonardo/home/userexternal/jbiebuyc/2Fast2Detections/metadata_train_val.csv

Train subset size: 4724
Validation subset size: 1182

Training balance matrix:
binary_label     fake  real
transform_label            
original          800   800
redigitalized     724   800
transmitted       800   800

--- Hardware & Subset Documentation ---
Device: cpu
Subset per class: 1000
Total training images: 4724
Total validation images: 1182
Backbone: resnet18

============================================================
PHASE 2: UNIMODAL BASELINES
============================================================

============================================================
Training Unimodal Baseline [binary] | 10 epochs
============================================================

Epoch [1/10] Loss: 0.4376 | LR: 0.000098
  [Train] Acc: 78.85%
  [Val]   Acc: 83.59%
  ★ New best model saved (83.59%)

Epoch [2/10] Loss: 0.2991 | LR: 0.000090
  [Train] Acc: 86.98%
  [Val]   Acc: 90.02%
  ★ New best model saved (90.02%)

Epoch [3/10] Loss: 0.2423 | LR: 0.000079
  [Train] Acc: 89.82%
  [Val]   Acc: 89.93%

Epoch [4/10] Loss: 0.1940 | LR: 0.000065
  [Train] Acc: 91.93%
  [Val]   Acc: 88.58%

Epoch [5/10] Loss: 0.1476 | LR: 0.000050
  [Train] Acc: 93.97%
  [Val]   Acc: 88.49%

⚠ Early stopping triggered at epoch 5

✓ Restored best model (val acc: 90.02%)

========================= Unimodal Binary Baseline =========================
              precision    recall  f1-score   support

        Real     0.9335    0.8650    0.8979       600
        Fake     0.8706    0.9364    0.9023       582

    accuracy                         0.9002      1182
   macro avg     0.9020    0.9007    0.9001      1182
weighted avg     0.9025    0.9002    0.9001      1182


============================================================
Training Unimodal Baseline [transform] | 10 epochs
============================================================

Epoch [1/10] Loss: 0.9523 | LR: 0.000098
  [Train] Acc: 51.57%
  [Val]   Acc: 61.93%
  ★ New best model saved (61.93%)

Epoch [2/10] Loss: 0.7623 | LR: 0.000090
  [Train] Acc: 65.24%
  [Val]   Acc: 70.90%
  ★ New best model saved (70.90%)

Epoch [3/10] Loss: 0.6498 | LR: 0.000079
  [Train] Acc: 71.44%
  [Val]   Acc: 70.56%

Epoch [4/10] Loss: 0.5679 | LR: 0.000065
  [Train] Acc: 76.04%
  [Val]   Acc: 69.71%

Epoch [5/10] Loss: 0.4923 | LR: 0.000050
  [Train] Acc: 79.32%
  [Val]   Acc: 75.47%
  ★ New best model saved (75.47%)

Epoch [6/10] Loss: 0.4340 | LR: 0.000035
  [Train] Acc: 82.15%
  [Val]   Acc: 73.01%

Epoch [7/10] Loss: 0.3689 | LR: 0.000021
  [Train] Acc: 85.41%
  [Val]   Acc: 71.32%

Epoch [8/10] Loss: 0.3337 | LR: 0.000010
  [Train] Acc: 86.58%
  [Val]   Acc: 73.01%

⚠ Early stopping triggered at epoch 8

✓ Restored best model (val acc: 75.47%)

========================= Unimodal Transform Baseline =========================
               precision    recall  f1-score   support

     Original     0.7153    0.7475    0.7311       400
  Transmitted     0.7309    0.6925    0.7112       400
Redigitalized     0.8208    0.8272    0.8240       382

     accuracy                         0.7547      1182
    macro avg     0.7557    0.7557    0.7554      1182
 weighted avg     0.7547    0.7547    0.7544      1182


============================================================
PHASE 3: MULTI-TASK JOINT TRAINING
============================================================

============================================================
Training [multitask] | method=StaticWeighter | freeze=3 epochs | 10 epochs total
============================================================

Epoch [1/10] Loss: 0.8662 | LR: 0.000098
  [Train] Real/Fake: 63.59% | Transform: 36.64%
  [Val]   Real/Fake: 75.21% | Transform: 36.80%
  ★ New best model saved (56.01%)

Epoch [2/10] Loss: 0.8161 | LR: 0.000090
  [Train] Real/Fake: 70.75% | Transform: 41.34%
  [Val]   Real/Fake: 72.93% | Transform: 44.16%
  ★ New best model saved (58.54%)

Epoch [3/10] Loss: 0.7847 | LR: 0.000079
  [Train] Real/Fake: 74.36% | Transform: 45.64%
  [Val]   Real/Fake: 78.34% | Transform: 43.23%
  ★ New best model saved (60.79%)

Epoch [4/10] Loss: 0.7486 | LR: 0.000065
  [Train] Real/Fake: 76.06% | Transform: 47.97%
  [Val]   Real/Fake: 80.71% | Transform: 51.10%
  ★ New best model saved (65.91%)

Epoch [5/10] Loss: 0.6864 | LR: 0.000050
  [Train] Real/Fake: 80.29% | Transform: 53.66%
  [Val]   Real/Fake: 83.08% | Transform: 55.25%
  ★ New best model saved (69.16%)

Epoch [6/10] Loss: 0.6424 | LR: 0.000035
  [Train] Real/Fake: 82.41% | Transform: 56.33%
  [Val]   Real/Fake: 84.18% | Transform: 57.87%
  ★ New best model saved (71.02%)

Epoch [7/10] Loss: 0.6198 | LR: 0.000021
  [Train] Real/Fake: 83.64% | Transform: 58.66%
  [Val]   Real/Fake: 85.03% | Transform: 59.81%
  ★ New best model saved (72.42%)

Epoch [8/10] Loss: 0.5982 | LR: 0.000010
  [Train] Real/Fake: 84.65% | Transform: 60.20%
  [Val]   Real/Fake: 85.28% | Transform: 60.15%
  ★ New best model saved (72.72%)

Epoch [9/10] Loss: 0.5903 | LR: 0.000002
  [Train] Real/Fake: 84.55% | Transform: 61.01%
  [Val]   Real/Fake: 86.21% | Transform: 60.41%
  ★ New best model saved (73.31%)

Epoch [10/10] Loss: 0.5748 | LR: 0.000000
  [Train] Real/Fake: 85.52% | Transform: 61.07%
  [Val]   Real/Fake: 85.79% | Transform: 60.83%

✓ Restored best model (val score: 73.31%)

========================= Multi-Task Real/Fake =========================
              precision    recall  f1-score   support

        Real     0.8827    0.8400    0.8608       600
        Fake     0.8429    0.8849    0.8634       582

    accuracy                         0.8621      1182
   macro avg     0.8628    0.8624    0.8621      1182
weighted avg     0.8631    0.8621    0.8621      1182


========================= Multi-Task Transformation =========================
               precision    recall  f1-score   support

     Original     0.5269    0.7100    0.6049       400
  Transmitted     0.5605    0.4750    0.5142       400
Redigitalized     0.7895    0.6283    0.6997       382

     accuracy                         0.6041      1182
    macro avg     0.6256    0.6044    0.6063      1182
 weighted avg     0.6231    0.6041    0.6048      1182


============================================================
PHASE 4: UNIMODAL vs MULTI-TASK COMPARISON
============================================================

############################################################
UNIMODAL vs MULTI-TASK COMPARISON
############################################################
                    Model Real/Fake Acc (%) Transform Acc (%)
   Unimodal (Binary only)             90.02               N/A
Unimodal (Transform only)               N/A             75.47
       Multi-task (Joint)             86.21             60.41

  Delta (Binary):    -3.81% ↓ degraded
  Delta (Transform): -15.06% ↓ degraded

  ✗ Joint training DEGRADES both tasks — the tasks compete for capacity.

============================================================
PHASE 5: PER-TRANSFORMATION ACCURACY BREAKDOWN
============================================================

============================================================
PER-TRANSFORMATION REAL/FAKE ACCURACY BREAKDOWN
============================================================

  [ORIGINAL] (n=400)
    Overall Real/Fake Acc: 89.50%
    Real images correct:   87.00% (n=200)
    Fake images correct:   92.00% (n=200)

  [TRANSMITTED] (n=400)
    Overall Real/Fake Acc: 89.75%
    Real images correct:   86.00% (n=200)
    Fake images correct:   93.50% (n=200)

  [REDIGITALIZED] (n=382)
    Overall Real/Fake Acc: 79.06%
    Real images correct:   79.00% (n=200)
    Fake images correct:   79.12% (n=182)

============================================================
PHASE 6: CROSS-CLASS TRANSFORMATION TRACE ANALYSIS
============================================================

============================================================
CROSS-CLASS TRANSFORMATION TRACE ANALYSIS
============================================================

Detailed 6-cell analysis (binary_class × transform_type):
binary_class transform_type  n_samples  binary_acc  binary_misclass_rate  avg_confidence  transform_acc
        real       original        200      0.8700                0.1300          0.8154         0.7050
        real    transmitted        200      0.8600                0.1400          0.8113         0.3350
        real  redigitalized        200      0.7900                0.2100          0.7487         0.6350
        fake       original        200      0.9200                0.0800          0.8521         0.7150
        fake    transmitted        200      0.9350                0.0650          0.8825         0.6150
        fake  redigitalized        182      0.7912                0.2088          0.7589         0.6209

============================================================
PHASE 8: VISUAL INFERENCE
============================================================

============================================================
PHASE 7: ABLATION STUDY (Loss Weight Sweep)
============================================================

############################################################
ABLATION STUDY: Loss Weight Sweep
############################################################

--- Config: method=static, label=binary_only ---

============================================================
Training [ablation_binary_only] | method=StaticWeighter | freeze=3 epochs | 10 epochs total
============================================================

Epoch [1/10] Loss: 0.6338 | LR: 0.000098
  [Train] Real/Fake: 64.12% | Transform: 33.81%
  [Val]   Real/Fake: 75.21% | Transform: 34.09%
  ★ New best model saved (54.65%)

Epoch [2/10] Loss: 0.5612 | LR: 0.000090
  [Train] Real/Fake: 71.44% | Transform: 33.83%
  [Val]   Real/Fake: 78.43% | Transform: 34.09%
  ★ New best model saved (56.26%)

Epoch [3/10] Loss: 0.5341 | LR: 0.000079
  [Train] Real/Fake: 72.86% | Transform: 33.57%
  [Val]   Real/Fake: 78.60% | Transform: 34.01%
  ★ New best model saved (56.30%)

Epoch [4/10] Loss: 0.4819 | LR: 0.000065
  [Train] Real/Fake: 76.59% | Transform: 33.72%
  [Val]   Real/Fake: 84.09% | Transform: 33.84%
  ★ New best model saved (58.97%)

Epoch [5/10] Loss: 0.4017 | LR: 0.000050
  [Train] Real/Fake: 81.18% | Transform: 33.66%
  [Val]   Real/Fake: 84.77% | Transform: 33.93%
  ★ New best model saved (59.35%)
