=============================================
Job started at: Tue May 26 16:42:08 CEST 2026
Running on node: 
Current directory: /leonardo/home/userexternal/asathyan/2Fast2Detections/code
Python location: /leonardo/home/userexternal/asathyan/2Fast2Detections/code/.cvenv/bin/python
Allocated GPU Info:
Tue May 26 16:42:08 2026       
+---------------------------------------------------------------------------------------+
| NVIDIA-SMI 535.274.02             Driver Version: 535.274.02   CUDA Version: 12.2     |
|-----------------------------------------+----------------------+----------------------+
| GPU  Name                 Persistence-M | Bus-Id        Disp.A | Volatile Uncorr. ECC |
| Fan  Temp   Perf          Pwr:Usage/Cap |         Memory-Usage | GPU-Util  Compute M. |
|                                         |                      |               MIG M. |
|=========================================+======================+======================|
|   0  NVIDIA A100-SXM-64GB           On  | 00000000:8F:00.0 Off |                    0 |
| N/A   42C    P0              61W / 455W |      0MiB / 65536MiB |      0%      Default |
|                                         |                      |             Disabled |
+-----------------------------------------+----------------------+----------------------+
                                                                                         
+---------------------------------------------------------------------------------------+
| Processes:                                                                            |
|  GPU   GI   CI        PID   Type   Process name                            GPU Memory |
|        ID   ID                                                             Usage      |
|=======================================================================================|
|  No running processes found                                                           |
+---------------------------------------------------------------------------------------+
=============================================
Tue May 26 16:42:16 2026       
+---------------------------------------------------------------------------------------+
| NVIDIA-SMI 535.274.02             Driver Version: 535.274.02   CUDA Version: 12.2     |
|-----------------------------------------+----------------------+----------------------+
| GPU  Name                 Persistence-M | Bus-Id        Disp.A | Volatile Uncorr. ECC |
| Fan  Temp   Perf          Pwr:Usage/Cap |         Memory-Usage | GPU-Util  Compute M. |
|                                         |                      |               MIG M. |
|=========================================+======================+======================|
|   0  NVIDIA A100-SXM-64GB           On  | 00000000:8F:00.0 Off |                    0 |
| N/A   42C    P0              61W / 455W |      4MiB / 65536MiB |      0%      Default |
|                                         |                      |             Disabled |
+-----------------------------------------+----------------------+----------------------+
                                                                                         
+---------------------------------------------------------------------------------------+
| Processes:                                                                            |
|  GPU   GI   CI        PID   Type   Process name                            GPU Memory |
|        ID   ID                                                             Usage      |
|=======================================================================================|
|  No running processes found                                                           |
+---------------------------------------------------------------------------------------+
GPU available: True
Device: cuda

============================================================
PHASE 1: DATA PREPARATION
============================================================
Train/val data is already present in '/leonardo/home/userexternal/asathyan/2Fast2Detections/data/RRDataset_original_train_val'. Skipping download!
Top level folders in data directory: ['test_subset', 'RRDataset_original_train_val']
Test subset is already extracted (4000 images found). Skipping download!
Loading existing metadata from /leonardo/home/userexternal/asathyan/2Fast2Detections/metadata_train_val.csv

Train subset size: 4724
Validation subset size: 1182

Training balance matrix:
binary_label     fake  real
transform_label            
original          800   800
redigitalized     724   800
transmitted       800   800

--- Hardware & Subset Documentation ---
Device: cuda
GPU: NVIDIA A100-SXM-64GB
GPU Memory: 68.1 GB
Subset per class: 1000
Total training images: 4724
Total validation images: 1182
Backbone: resnet18

============================================================
PHASE 2: UNIMODAL BASELINES
============================================================

============================================================
Training Unimodal Baseline [binary] | 10 epochs
============================================================

Epoch [1/10] Loss: 0.4384 | LR: 0.000098
  [Train] Acc: 78.92%
  [Val]   Acc: 83.16%
  ★ New best model saved (83.16%)

Epoch [2/10] Loss: 0.3036 | LR: 0.000090
  [Train] Acc: 87.21%
  [Val]   Acc: 89.51%
  ★ New best model saved (89.51%)

Epoch [3/10] Loss: 0.2263 | LR: 0.000079
  [Train] Acc: 90.33%
  [Val]   Acc: 88.16%

Epoch [4/10] Loss: 0.2019 | LR: 0.000065
  [Train] Acc: 91.74%
  [Val]   Acc: 88.92%

Epoch [5/10] Loss: 0.1525 | LR: 0.000050
  [Train] Acc: 93.88%
  [Val]   Acc: 89.85%
  ★ New best model saved (89.85%)

Epoch [6/10] Loss: 0.1199 | LR: 0.000035
  [Train] Acc: 95.62%
  [Val]   Acc: 89.34%

Epoch [7/10] Loss: 0.1082 | LR: 0.000021
  [Train] Acc: 96.17%
  [Val]   Acc: 91.12%
  ★ New best model saved (91.12%)

Epoch [8/10] Loss: 0.0819 | LR: 0.000010
  [Train] Acc: 96.99%
  [Val]   Acc: 90.27%

Epoch [9/10] Loss: 0.0732 | LR: 0.000002
  [Train] Acc: 97.35%
  [Val]   Acc: 90.69%

Epoch [10/10] Loss: 0.0685 | LR: 0.000000
  [Train] Acc: 97.50%
  [Val]   Acc: 90.69%

⚠ Early stopping triggered at epoch 10

✓ Restored best model (val acc: 91.12%)

========================= Unimodal Binary Baseline =========================
              precision    recall  f1-score   support

        Real     0.9118    0.9133    0.9126       600
        Fake     0.9105    0.9089    0.9097       582

    accuracy                         0.9112      1182
   macro avg     0.9112    0.9111    0.9111      1182
weighted avg     0.9112    0.9112    0.9112      1182


============================================================
Training Unimodal Baseline [transform] | 10 epochs
============================================================

Epoch [1/10] Loss: 0.9470 | LR: 0.000098
  [Train] Acc: 50.83%
  [Val]   Acc: 59.98%
  ★ New best model saved (59.98%)

Epoch [2/10] Loss: 0.7431 | LR: 0.000090
  [Train] Acc: 66.64%
  [Val]   Acc: 63.79%
  ★ New best model saved (63.79%)

Epoch [3/10] Loss: 0.6549 | LR: 0.000079
  [Train] Acc: 71.46%
  [Val]   Acc: 69.54%
  ★ New best model saved (69.54%)

Epoch [4/10] Loss: 0.5714 | LR: 0.000065
  [Train] Acc: 76.16%
  [Val]   Acc: 65.74%

Epoch [5/10] Loss: 0.4898 | LR: 0.000050
  [Train] Acc: 80.23%
  [Val]   Acc: 70.81%
  ★ New best model saved (70.81%)

Epoch [6/10] Loss: 0.4405 | LR: 0.000035
  [Train] Acc: 82.39%
  [Val]   Acc: 71.74%
  ★ New best model saved (71.74%)

Epoch [7/10] Loss: 0.3857 | LR: 0.000021
  [Train] Acc: 84.00%
  [Val]   Acc: 71.07%

Epoch [8/10] Loss: 0.3316 | LR: 0.000010
  [Train] Acc: 86.56%
  [Val]   Acc: 72.59%
  ★ New best model saved (72.59%)

Epoch [9/10] Loss: 0.2912 | LR: 0.000002
  [Train] Acc: 88.57%
  [Val]   Acc: 74.03%
  ★ New best model saved (74.03%)

Epoch [10/10] Loss: 0.2845 | LR: 0.000000
  [Train] Acc: 89.10%
  [Val]   Acc: 74.37%
  ★ New best model saved (74.37%)

✓ Restored best model (val acc: 74.37%)

========================= Unimodal Transform Baseline =========================
               precision    recall  f1-score   support

     Original     0.6480    0.7825    0.7089       400
  Transmitted     0.7500    0.6525    0.6979       400
Redigitalized     0.8689    0.7984    0.8322       382

     accuracy                         0.7437      1182
    macro avg     0.7557    0.7445    0.7463      1182
 weighted avg     0.7539    0.7437    0.7450      1182


============================================================
PHASE 3: MULTI-TASK JOINT TRAINING
============================================================

============================================================
Training [multitask_equal] | w1=0.5, w2=0.5 | 10 epochs
============================================================

Epoch [1/10] Loss: 0.7170 | LR: 0.000098
  [Train] Real/Fake: 77.12% | Transform: 49.47%
  [Val]   Real/Fake: 88.58% | Transform: 61.51%
  ★ New best model saved (75.04%)

Epoch [2/10] Loss: 0.5678 | LR: 0.000090
  [Train] Real/Fake: 84.72% | Transform: 62.04%
  [Val]   Real/Fake: 88.32% | Transform: 63.79%
  ★ New best model saved (76.06%)

Epoch [3/10] Loss: 0.4654 | LR: 0.000079
  [Train] Real/Fake: 88.78% | Transform: 70.24%
  [Val]   Real/Fake: 88.58% | Transform: 67.68%
  ★ New best model saved (78.13%)

Epoch [4/10] Loss: 0.4227 | LR: 0.000065
  [Train] Real/Fake: 90.28% | Transform: 73.29%
  [Val]   Real/Fake: 87.39% | Transform: 65.23%

Epoch [5/10] Loss: 0.3768 | LR: 0.000050
  [Train] Real/Fake: 91.41% | Transform: 77.20%
  [Val]   Real/Fake: 88.32% | Transform: 71.74%
  ★ New best model saved (80.03%)

Epoch [6/10] Loss: 0.3195 | LR: 0.000035
  [Train] Real/Fake: 93.86% | Transform: 79.97%
  [Val]   Real/Fake: 89.34% | Transform: 73.69%
  ★ New best model saved (81.51%)

Epoch [7/10] Loss: 0.2807 | LR: 0.000021
  [Train] Real/Fake: 94.45% | Transform: 82.66%
  [Val]   Real/Fake: 90.44% | Transform: 73.60%
  ★ New best model saved (82.02%)

Epoch [8/10] Loss: 0.2497 | LR: 0.000010
  [Train] Real/Fake: 95.58% | Transform: 85.41%
  [Val]   Real/Fake: 91.03% | Transform: 74.11%
  ★ New best model saved (82.57%)

Epoch [9/10] Loss: 0.2292 | LR: 0.000002
  [Train] Real/Fake: 96.19% | Transform: 86.28%
  [Val]   Real/Fake: 91.29% | Transform: 72.84%

Epoch [10/10] Loss: 0.2234 | LR: 0.000000
  [Train] Real/Fake: 96.00% | Transform: 86.43%
  [Val]   Real/Fake: 90.78% | Transform: 74.11%

✓ Restored best model (val score: 82.57%)

========================= Multi-Task Real/Fake =========================
              precision    recall  f1-score   support

        Real     0.9303    0.8900    0.9097       600
        Fake     0.8914    0.9313    0.9109       582

    accuracy                         0.9103      1182
   macro avg     0.9109    0.9106    0.9103      1182
weighted avg     0.9112    0.9103    0.9103      1182


========================= Multi-Task Transformation =========================
               precision    recall  f1-score   support

     Original     0.6744    0.7250    0.6988       400
  Transmitted     0.7642    0.6400    0.6966       400
Redigitalized     0.7914    0.8639    0.8260       382

     accuracy                         0.7411      1182
    macro avg     0.7433    0.7430    0.7405      1182
 weighted avg     0.7426    0.7411    0.7392      1182


============================================================
PHASE 4: UNIMODAL vs MULTI-TASK COMPARISON
============================================================

############################################################
UNIMODAL vs MULTI-TASK COMPARISON
############################################################
                    Model Real/Fake Acc (%) Transform Acc (%)
   Unimodal (Binary only)             91.12               N/A
Unimodal (Transform only)               N/A             74.37
       Multi-task (Joint)             91.03             74.11

  Delta (Binary):    -0.08% ↓ degraded
  Delta (Transform): -0.25% ↓ degraded

  ✗ Joint training DEGRADES both tasks — the tasks compete for capacity.

============================================================
PHASE 5: PER-TRANSFORMATION ACCURACY BREAKDOWN
============================================================

============================================================
PER-TRANSFORMATION REAL/FAKE ACCURACY BREAKDOWN
============================================================

  [ORIGINAL] (n=400)
    Overall Real/Fake Acc: 92.75%
    Real images correct:   90.50% (n=200)
    Fake images correct:   95.00% (n=200)

  [TRANSMITTED] (n=400)
    Overall Real/Fake Acc: 93.50%
    Real images correct:   89.50% (n=200)
    Fake images correct:   97.50% (n=200)

  [REDIGITALIZED] (n=382)
    Overall Real/Fake Acc: 86.65%
    Real images correct:   87.00% (n=200)
    Fake images correct:   86.26% (n=182)

============================================================
PHASE 6: CROSS-CLASS TRANSFORMATION TRACE ANALYSIS
============================================================

============================================================
CROSS-CLASS TRANSFORMATION TRACE ANALYSIS
============================================================

Detailed 6-cell analysis (binary_class × transform_type):
binary_class transform_type  n_samples  binary_acc  binary_misclass_rate  avg_confidence  transform_acc
        real       original        200      0.9050                0.0950          0.8685         0.6250
        real    transmitted        200      0.8950                0.1050          0.8840         0.5300
        real  redigitalized        200      0.8700                0.1300          0.8495         0.8700
        fake       original        200      0.9500                0.0500          0.9195         0.8250
        fake    transmitted        200      0.9750                0.0250          0.9507         0.7500
        fake  redigitalized        182      0.8626                0.1374          0.8560         0.8571

============================================================
PHASE 8: VISUAL INFERENCE
============================================================

============================================================
PHASE 7: ABLATION STUDY (Loss Weight Sweep)
============================================================

############################################################
ABLATION STUDY: Loss Weight Sweep
############################################################

--- Config: w1=1.0, w2=0.0 (binary_only) ---

============================================================
Training [ablation_binary_only] | w1=1.0, w2=0.0 | 10 epochs
============================================================

Epoch [1/10] Loss: 0.4290 | LR: 0.000098
  [Train] Real/Fake: 79.19% | Transform: 32.79%
  [Val]   Real/Fake: 83.42% | Transform: 33.59%
  ★ New best model saved (58.50%)

Epoch [2/10] Loss: 0.2970 | LR: 0.000090
  [Train] Real/Fake: 86.98% | Transform: 33.11%
  [Val]   Real/Fake: 89.09% | Transform: 33.50%
  ★ New best model saved (61.29%)

Epoch [3/10] Loss: 0.2389 | LR: 0.000079
  [Train] Real/Fake: 89.71% | Transform: 32.54%
  [Val]   Real/Fake: 90.69% | Transform: 33.59%
  ★ New best model saved (62.14%)

Epoch [4/10] Loss: 0.1948 | LR: 0.000065
  [Train] Real/Fake: 92.40% | Transform: 32.66%
  [Val]   Real/Fake: 89.68% | Transform: 33.42%

Epoch [5/10] Loss: 0.1567 | LR: 0.000050
  [Train] Real/Fake: 94.12% | Transform: 32.79%
  [Val]   Real/Fake: 89.34% | Transform: 33.76%

Epoch [6/10] Loss: 0.1296 | LR: 0.000035
  [Train] Real/Fake: 94.88% | Transform: 32.68%
  [Val]   Real/Fake: 88.41% | Transform: 33.93%

⚠ Early stopping triggered at epoch 6

✓ Restored best model (val score: 62.14%)
  Final Val -> Real/Fake: 90.69%, Transform: 33.59%

--- Config: w1=0.75, w2=0.25 (binary_dominant) ---

============================================================
Training [ablation_binary_dominant] | w1=0.75, w2=0.25 | 10 epochs
============================================================

Epoch [1/10] Loss: 0.5931 | LR: 0.000098
  [Train] Real/Fake: 77.50% | Transform: 42.99%
  [Val]   Real/Fake: 78.68% | Transform: 52.62%
  ★ New best model saved (65.65%)

Epoch [2/10] Loss: 0.4607 | LR: 0.000090
  [Train] Real/Fake: 86.28% | Transform: 55.65%
  [Val]   Real/Fake: 87.31% | Transform: 61.51%
  ★ New best model saved (74.41%)

Epoch [3/10] Loss: 0.3936 | LR: 0.000079
  [Train] Real/Fake: 89.08% | Transform: 62.07%
  [Val]   Real/Fake: 87.90% | Transform: 61.00%
  ★ New best model saved (74.45%)

Epoch [4/10] Loss: 0.3355 | LR: 0.000065
  [Train] Real/Fake: 91.62% | Transform: 65.24%
  [Val]   Real/Fake: 89.00% | Transform: 66.41%
  ★ New best model saved (77.71%)

Epoch [5/10] Loss: 0.2949 | LR: 0.000050
  [Train] Real/Fake: 93.25% | Transform: 69.60%
  [Val]   Real/Fake: 89.09% | Transform: 67.26%
  ★ New best model saved (78.17%)

Epoch [6/10] Loss: 0.2475 | LR: 0.000035
  [Train] Real/Fake: 95.41% | Transform: 72.67%
  [Val]   Real/Fake: 89.42% | Transform: 68.19%
  ★ New best model saved (78.81%)

Epoch [7/10] Loss: 0.2208 | LR: 0.000021
  [Train] Real/Fake: 95.87% | Transform: 74.81%
  [Val]   Real/Fake: 89.68% | Transform: 68.10%
  ★ New best model saved (78.89%)

Epoch [8/10] Loss: 0.1995 | LR: 0.000010
  [Train] Real/Fake: 96.97% | Transform: 77.27%
  [Val]   Real/Fake: 89.34% | Transform: 70.47%
  ★ New best model saved (79.91%)

Epoch [9/10] Loss: 0.1964 | LR: 0.000002
  [Train] Real/Fake: 96.70% | Transform: 77.92%
  [Val]   Real/Fake: 90.10% | Transform: 70.14%
  ★ New best model saved (80.12%)

Epoch [10/10] Loss: 0.1840 | LR: 0.000000
  [Train] Real/Fake: 97.33% | Transform: 78.05%
  [Val]   Real/Fake: 90.52% | Transform: 71.32%
  ★ New best model saved (80.92%)

✓ Restored best model (val score: 80.92%)
  Final Val -> Real/Fake: 90.52%, Transform: 71.32%

--- Config: w1=0.5, w2=0.5 (equal) ---

============================================================
Training [ablation_equal] | w1=0.5, w2=0.5 | 10 epochs
============================================================

Epoch [1/10] Loss: 0.7272 | LR: 0.000098
  [Train] Real/Fake: 76.80% | Transform: 48.79%
  [Val]   Real/Fake: 82.32% | Transform: 62.86%
  ★ New best model saved (72.59%)

Epoch [2/10] Loss: 0.5491 | LR: 0.000090
  [Train] Real/Fake: 85.29% | Transform: 64.42%
  [Val]   Real/Fake: 88.32% | Transform: 65.82%
  ★ New best model saved (77.07%)

Epoch [3/10] Loss: 0.4692 | LR: 0.000079
  [Train] Real/Fake: 88.04% | Transform: 70.94%
  [Val]   Real/Fake: 89.59% | Transform: 62.01%

Epoch [4/10] Loss: 0.4066 | LR: 0.000065
  [Train] Real/Fake: 90.79% | Transform: 75.04%
  [Val]   Real/Fake: 89.00% | Transform: 68.10%
  ★ New best model saved (78.55%)

Epoch [5/10] Loss: 0.3641 | LR: 0.000050
  [Train] Real/Fake: 92.53% | Transform: 76.55%
  [Val]   Real/Fake: 89.51% | Transform: 67.77%
  ★ New best model saved (78.64%)

Epoch [6/10] Loss: 0.3152 | LR: 0.000035
  [Train] Real/Fake: 94.12% | Transform: 79.97%
  [Val]   Real/Fake: 89.68% | Transform: 72.08%
  ★ New best model saved (80.88%)

Epoch [7/10] Loss: 0.2767 | LR: 0.000021
  [Train] Real/Fake: 95.07% | Transform: 82.90%
  [Val]   Real/Fake: 88.66% | Transform: 71.57%

Epoch [8/10] Loss: 0.2512 | LR: 0.000010
  [Train] Real/Fake: 95.36% | Transform: 84.78%
  [Val]   Real/Fake: 88.83% | Transform: 72.76%

Epoch [9/10] Loss: 0.2329 | LR: 0.000002
  [Train] Real/Fake: 96.00% | Transform: 85.86%
  [Val]   Real/Fake: 89.85% | Transform: 73.27%
  ★ New best model saved (81.56%)

Epoch [10/10] Loss: 0.2170 | LR: 0.000000
  [Train] Real/Fake: 96.34% | Transform: 86.96%
  [Val]   Real/Fake: 89.34% | Transform: 73.77%

✓ Restored best model (val score: 81.56%)
  Final Val -> Real/Fake: 89.85%, Transform: 73.27%

--- Config: w1=0.25, w2=0.75 (transform_dominant) ---

============================================================
Training [ablation_transform_dominant] | w1=0.25, w2=0.75 | 10 epochs
============================================================

Epoch [1/10] Loss: 0.8417 | LR: 0.000098
  [Train] Real/Fake: 72.78% | Transform: 50.80%
  [Val]   Real/Fake: 83.67% | Transform: 64.64%
  ★ New best model saved (74.15%)

Epoch [2/10] Loss: 0.6648 | LR: 0.000090
  [Train] Real/Fake: 81.67% | Transform: 65.54%
  [Val]   Real/Fake: 86.38% | Transform: 65.65%
  ★ New best model saved (76.02%)

Epoch [3/10] Loss: 0.5738 | LR: 0.000079
  [Train] Real/Fake: 85.14% | Transform: 71.87%
  [Val]   Real/Fake: 87.56% | Transform: 69.37%
  ★ New best model saved (78.47%)

Epoch [4/10] Loss: 0.4967 | LR: 0.000065
  [Train] Real/Fake: 87.11% | Transform: 75.80%
  [Val]   Real/Fake: 88.41% | Transform: 67.01%

Epoch [5/10] Loss: 0.4498 | LR: 0.000050
  [Train] Real/Fake: 87.87% | Transform: 78.41%
  [Val]   Real/Fake: 87.65% | Transform: 71.15%
  ★ New best model saved (79.40%)

Epoch [6/10] Loss: 0.3822 | LR: 0.000035
  [Train] Real/Fake: 89.99% | Transform: 82.64%
  [Val]   Real/Fake: 88.58% | Transform: 74.62%
  ★ New best model saved (81.60%)

Epoch [7/10] Loss: 0.3347 | LR: 0.000021
  [Train] Real/Fake: 90.39% | Transform: 85.29%
  [Val]   Real/Fake: 89.59% | Transform: 74.70%
  ★ New best model saved (82.15%)

Epoch [8/10] Loss: 0.3072 | LR: 0.000010
  [Train] Real/Fake: 91.41% | Transform: 86.33%
  [Val]   Real/Fake: 89.09% | Transform: 75.21%

Epoch [9/10] Loss: 0.2754 | LR: 0.000002
  [Train] Real/Fake: 92.74% | Transform: 88.48%
  [Val]   Real/Fake: 89.17% | Transform: 75.80%
  ★ New best model saved (82.49%)

Epoch [10/10] Loss: 0.2619 | LR: 0.000000
  [Train] Real/Fake: 92.36% | Transform: 88.74%
  [Val]   Real/Fake: 89.34% | Transform: 75.38%

✓ Restored best model (val score: 82.49%)
  Final Val -> Real/Fake: 89.17%, Transform: 75.80%

--- Config: w1=0.0, w2=1.0 (transform_only) ---

============================================================
Training [ablation_transform_only] | w1=0.0, w2=1.0 | 10 epochs
============================================================

Epoch [1/10] Loss: 0.9518 | LR: 0.000098
  [Train] Real/Fake: 49.51% | Transform: 51.99%
  [Val]   Real/Fake: 49.66% | Transform: 61.00%
  ★ New best model saved (55.33%)

Epoch [2/10] Loss: 0.7514 | LR: 0.000090
  [Train] Real/Fake: 48.43% | Transform: 65.90%
  [Val]   Real/Fake: 49.83% | Transform: 68.70%
  ★ New best model saved (59.26%)

Epoch [3/10] Loss: 0.6436 | LR: 0.000079
  [Train] Real/Fake: 48.41% | Transform: 71.78%
  [Val]   Real/Fake: 48.31% | Transform: 71.40%
  ★ New best model saved (59.86%)

Epoch [4/10] Loss: 0.5585 | LR: 0.000065
  [Train] Real/Fake: 48.22% | Transform: 76.25%
  [Val]   Real/Fake: 49.07% | Transform: 67.51%

Epoch [5/10] Loss: 0.4993 | LR: 0.000050
  [Train] Real/Fake: 49.34% | Transform: 78.41%
  [Val]   Real/Fake: 50.34% | Transform: 70.90%
  ★ New best model saved (60.62%)

Epoch [6/10] Loss: 0.4192 | LR: 0.000035
  [Train] Real/Fake: 48.29% | Transform: 83.11%
  [Val]   Real/Fake: 50.00% | Transform: 69.71%

Epoch [7/10] Loss: 0.3857 | LR: 0.000021
  [Train] Real/Fake: 48.14% | Transform: 84.55%
  [Val]   Real/Fake: 50.17% | Transform: 74.70%
  ★ New best model saved (62.44%)

Epoch [8/10] Loss: 0.3346 | LR: 0.000010
  [Train] Real/Fake: 47.71% | Transform: 86.85%
  [Val]   Real/Fake: 50.25% | Transform: 74.70%
  ★ New best model saved (62.48%)

Epoch [9/10] Loss: 0.2875 | LR: 0.000002
  [Train] Real/Fake: 48.96% | Transform: 88.74%
  [Val]   Real/Fake: 50.85% | Transform: 75.13%
  ★ New best model saved (62.99%)

Epoch [10/10] Loss: 0.2892 | LR: 0.000000
  [Train] Real/Fake: 48.58% | Transform: 88.57%
  [Val]   Real/Fake: 51.02% | Transform: 74.79%

✓ Restored best model (val score: 62.99%)
  Final Val -> Real/Fake: 50.85%, Transform: 75.13%

============================================================
PHASE 9: SAVING RESULTS
============================================================

============================================================
ALL EXPERIMENTS COMPLETE! Total time: 77.1 minutes
Results saved to: /leonardo/home/userexternal/asathyan/2Fast2Detections/results/
Model checkpoints: /leonardo/home/userexternal/asathyan/2Fast2Detections/checkpoints/
Experiment summary: /leonardo/home/userexternal/asathyan/2Fast2Detections/results/experiment_summary.json
============================================================
=============================================
Job finished at: Tue May 26 17:59:28 CEST 2026
=============================================
