=============================================
Job started at: Tue May 26 16:28:22 CEST 2026
Running on node: 
Current directory: /leonardo/home/userexternal/asathyan/2Fast2Detections/code
Python location: /leonardo/home/userexternal/asathyan/2Fast2Detections/code/.cvenv/bin/python
Allocated GPU Info:
Tue May 26 16:28:22 2026       
+---------------------------------------------------------------------------------------+
| NVIDIA-SMI 535.274.02             Driver Version: 535.274.02   CUDA Version: 12.2     |
|-----------------------------------------+----------------------+----------------------+
| GPU  Name                 Persistence-M | Bus-Id        Disp.A | Volatile Uncorr. ECC |
| Fan  Temp   Perf          Pwr:Usage/Cap |         Memory-Usage | GPU-Util  Compute M. |
|                                         |                      |               MIG M. |
|=========================================+======================+======================|
|   0  NVIDIA A100-SXM-64GB           On  | 00000000:C8:00.0 Off |                    0 |
| N/A   43C    P0              61W / 454W |      0MiB / 65536MiB |      0%      Default |
|                                         |                      |             Disabled |
+-----------------------------------------+----------------------+----------------------+
                                                                                         
+---------------------------------------------------------------------------------------+
| Processes:                                                                            |
|  GPU   GI   CI        PID   Type   Process name                            GPU Memory |
|        ID   ID                                                             Usage      |
|=======================================================================================|
|  No running processes found                                                           |
+---------------------------------------------------------------------------------------+
=============================================
GPU available: False
Device: cpu

============================================================
PHASE 1: DATA PREPARATION
============================================================
Train/val data is already present in '/leonardo/home/userexternal/asathyan/2Fast2Detections/data/RRDataset_original_train_val'. Skipping download!
Top level folders in data directory: ['test_subset', 'RRDataset_original_train_val']
Test subset is already extracted (4000 images found). Skipping download!
Loading existing metadata from /leonardo/home/userexternal/asathyan/2Fast2Detections/metadata_train_val.csv

Train subset size: 4724
Validation subset size: 1182

Training balance matrix:
binary_label     fake  real
transform_label            
original          800   800
redigitalized     724   800
transmitted       800   800

--- Hardware & Subset Documentation ---
Device: cpu
Subset per class: 1000
Total training images: 4724
Total validation images: 1182
Backbone: resnet18

============================================================
PHASE 2: UNIMODAL BASELINES
============================================================

============================================================
Training Unimodal Baseline [binary] | 10 epochs
============================================================
