=============================================
Job started at: Thu Jun 11 20:14:16 CEST 2026
Running on node: 
Current directory: /leonardo/home/userexternal/asathyan/2Fast2Detections/code
Python location: /leonardo/home/userexternal/asathyan/.cvenv/bin/python
Allocated GPU Info:
Thu Jun 11 20:14:16 2026       
+---------------------------------------------------------------------------------------+
| NVIDIA-SMI 535.274.02             Driver Version: 535.274.02   CUDA Version: 12.2     |
|-----------------------------------------+----------------------+----------------------+
| GPU  Name                 Persistence-M | Bus-Id        Disp.A | Volatile Uncorr. ECC |
| Fan  Temp   Perf          Pwr:Usage/Cap |         Memory-Usage | GPU-Util  Compute M. |
|                                         |                      |               MIG M. |
|=========================================+======================+======================|
|   0  NVIDIA A100-SXM-64GB           On  | 00000000:8F:00.0 Off |                    0 |
| N/A   43C    P0              62W / 452W |      0MiB / 65536MiB |      0%      Default |
|                                         |                      |             Disabled |
+-----------------------------------------+----------------------+----------------------+
                                                                                         
+---------------------------------------------------------------------------------------+
| Processes:                                                                            |
|  GPU   GI   CI        PID   Type   Process name                            GPU Memory |
|        ID   ID                                                             Usage      |
|=======================================================================================|
|  No running processes found                                                           |
+---------------------------------------------------------------------------------------+
=============================================
Thu Jun 11 20:14:22 2026       
+---------------------------------------------------------------------------------------+
| NVIDIA-SMI 535.274.02             Driver Version: 535.274.02   CUDA Version: 12.2     |
|-----------------------------------------+----------------------+----------------------+
| GPU  Name                 Persistence-M | Bus-Id        Disp.A | Volatile Uncorr. ECC |
| Fan  Temp   Perf          Pwr:Usage/Cap |         Memory-Usage | GPU-Util  Compute M. |
|                                         |                      |               MIG M. |
|=========================================+======================+======================|
|   0  NVIDIA A100-SXM-64GB           On  | 00000000:8F:00.0 Off |                    0 |
| N/A   43C    P0              62W / 452W |      4MiB / 65536MiB |      0%      Default |
|                                         |                      |             Disabled |
+-----------------------------------------+----------------------+----------------------+
                                                                                         
+---------------------------------------------------------------------------------------+
| Processes:                                                                            |
|  GPU   GI   CI        PID   Type   Process name                            GPU Memory |
|        ID   ID                                                             Usage      |
|=======================================================================================|
|  No running processes found                                                           |
+---------------------------------------------------------------------------------------+
GPU available: True
Device: cuda

============================================================
PHASE 1: DATA PREPARATION
============================================================
Train/val data is already present in '/leonardo/home/userexternal/asathyan/2Fast2Detections/data/RRDataset_original_train_val'. Skipping download!
Top level folders in data directory: ['test_subset', 'RRDataset_original_train_val']
Test subset is already extracted (4000 images found). Skipping download!

--- Building leak-free splits ---
  original: 2500 train / 500 val
  transmitted+redigitalized (test_subset): 4000 images
[DRCT] Loading Stable Diffusion: stabilityai/sd-turbo ...
[DRCT] Built 1500 reconstructed hard-fakes.
Added 1500 DRCT hard-fakes -> train size now 6700

Train subset size: 6700
Validation subset size: 1300

Training balance matrix:
binary_label     fake  real
transform_label            
original         1500  1000
redigitalized    1225   800
transmitted      1375   800

--- Hardware & Subset Documentation ---
Device: cuda
GPU: NVIDIA A100-SXM-64GB
GPU Memory: 68.1 GB
Subset per class: 1000
Total training images: 6700
Total validation images: 1300
Backbone: convnext_base

============================================================
PHASE 2: UNIMODAL BASELINES
============================================================

============================================================
Training Unimodal Baseline [binary] | 10 epochs
============================================================

Epoch [1/10] Loss: 0.5068 | LR: 0.000098
  [Train] Acc: 74.66%
  [Val]   Acc: 49.15%
  ★ New best model saved (49.15%)

Epoch [2/10] Loss: 0.3849 | LR: 0.000090
  [Train] Acc: 82.70%
  [Val]   Acc: 50.46%
  ★ New best model saved (50.46%)

Epoch [3/10] Loss: 0.3267 | LR: 0.000079
  [Train] Acc: 86.04%
  [Val]   Acc: 53.38%
  ★ New best model saved (53.38%)

Epoch [4/10] Loss: 0.2961 | LR: 0.000065
  [Train] Acc: 87.10%
  [Val]   Acc: 50.54%

Epoch [5/10] Loss: 0.2552 | LR: 0.000050
  [Train] Acc: 89.03%
  [Val]   Acc: 56.54%
  ★ New best model saved (56.54%)

Epoch [6/10] Loss: 0.2280 | LR: 0.000035
  [Train] Acc: 90.72%
  [Val]   Acc: 52.23%

Epoch [7/10] Loss: 0.1992 | LR: 0.000021
  [Train] Acc: 91.64%
  [Val]   Acc: 52.15%

Epoch [8/10] Loss: 0.1699 | LR: 0.000010
  [Train] Acc: 92.85%
  [Val]   Acc: 52.46%

⚠ Early stopping triggered at epoch 8

✓ Restored best model (val acc: 56.54%)

========================= Unimodal Binary Baseline =========================
              precision    recall  f1-score   support

        Real     0.8058    0.1723    0.2839       650
        Fake     0.5366    0.9585    0.6880       650

    accuracy                         0.5654      1300
   macro avg     0.6712    0.5654    0.4860      1300
weighted avg     0.6712    0.5654    0.4860      1300


============================================================
Training Unimodal Baseline [transform] | 10 epochs
============================================================

Epoch [1/10] Loss: 0.6926 | LR: 0.000098
  [Train] Acc: 67.88%
  [Val]   Acc: 56.23%
  ★ New best model saved (56.23%)

Epoch [2/10] Loss: 0.4861 | LR: 0.000090
  [Train] Acc: 79.72%
  [Val]   Acc: 56.31%
  ★ New best model saved (56.31%)

Epoch [3/10] Loss: 0.4144 | LR: 0.000079
  [Train] Acc: 83.13%
  [Val]   Acc: 57.69%
  ★ New best model saved (57.69%)

Epoch [4/10] Loss: 0.3568 | LR: 0.000065
  [Train] Acc: 84.85%
  [Val]   Acc: 61.15%
  ★ New best model saved (61.15%)

Epoch [5/10] Loss: 0.3230 | LR: 0.000050
  [Train] Acc: 86.33%
  [Val]   Acc: 61.92%
  ★ New best model saved (61.92%)

Epoch [6/10] Loss: 0.2723 | LR: 0.000035
  [Train] Acc: 88.75%
  [Val]   Acc: 64.54%
  ★ New best model saved (64.54%)

Epoch [7/10] Loss: 0.2393 | LR: 0.000021
  [Train] Acc: 90.00%
  [Val]   Acc: 64.69%
  ★ New best model saved (64.69%)

Epoch [8/10] Loss: 0.2078 | LR: 0.000010
  [Train] Acc: 91.34%
  [Val]   Acc: 62.00%

Epoch [9/10] Loss: 0.1882 | LR: 0.000002
  [Train] Acc: 92.34%
  [Val]   Acc: 64.69%

Epoch [10/10] Loss: 0.1926 | LR: 0.000000
  [Train] Acc: 92.45%
  [Val]   Acc: 63.46%

⚠ Early stopping triggered at epoch 10

✓ Restored best model (val acc: 64.69%)

========================= Unimodal Transform Baseline =========================
               precision    recall  f1-score   support

     Original     0.5376    0.9720    0.6923       500
  Transmitted     0.9429    0.1575    0.2699       419
Redigitalized     0.8865    0.7585    0.8175       381

     accuracy                         0.6469      1300
    macro avg     0.7890    0.6293    0.5933      1300
 weighted avg     0.7705    0.6469    0.5929      1300


============================================================
PHASE 3: MULTI-TASK JOINT TRAINING
============================================================

============================================================
Training [multitask_equal] | w1=0.5, w2=0.5 | DRCT contrastive=0.2 | 10 epochs
============================================================

Epoch [1/10] Loss: 1.2786 (con: 3.3834) | LR: 0.000098
  [Train] Real/Fake: 72.93% | Transform: 69.69%
  [Val]   Real/Fake: 49.15% | Transform: 61.54%
  ★ New best model saved (55.35%)

Epoch [2/10] Loss: 1.0858 (con: 3.3080) | LR: 0.000090
  [Train] Real/Fake: 81.93% | Transform: 81.79%
  [Val]   Real/Fake: 49.08% | Transform: 62.77%
  ★ New best model saved (55.92%)

Epoch [3/10] Loss: 1.0118 (con: 3.2552) | LR: 0.000079
  [Train] Real/Fake: 85.09% | Transform: 83.88%
  [Val]   Real/Fake: 49.77% | Transform: 62.62%
  ★ New best model saved (56.19%)

Epoch [4/10] Loss: 0.9526 (con: 3.2000) | LR: 0.000065
  [Train] Real/Fake: 87.58% | Transform: 85.87%
  [Val]   Real/Fake: 50.15% | Transform: 55.31%

Epoch [5/10] Loss: 0.9145 (con: 3.1659) | LR: 0.000050
  [Train] Real/Fake: 88.79% | Transform: 87.04%
  [Val]   Real/Fake: 49.92% | Transform: 63.23%
  ★ New best model saved (56.58%)

Epoch [6/10] Loss: 0.8735 (con: 3.1242) | LR: 0.000035
  [Train] Real/Fake: 90.58% | Transform: 88.57%
  [Val]   Real/Fake: 52.69% | Transform: 62.46%
  ★ New best model saved (57.58%)

Epoch [7/10] Loss: 0.8476 (con: 3.0982) | LR: 0.000021
  [Train] Real/Fake: 91.57% | Transform: 89.84%
  [Val]   Real/Fake: 53.00% | Transform: 61.38%

Epoch [8/10] Loss: 0.8184 (con: 3.0821) | LR: 0.000010
  [Train] Real/Fake: 92.00% | Transform: 90.79%
  [Val]   Real/Fake: 54.15% | Transform: 62.85%
  ★ New best model saved (58.50%)

Epoch [9/10] Loss: 0.7938 (con: 3.0428) | LR: 0.000002
  [Train] Real/Fake: 93.28% | Transform: 91.34%
  [Val]   Real/Fake: 53.00% | Transform: 63.00%

Epoch [10/10] Loss: 0.7823 (con: 3.0322) | LR: 0.000000
  [Train] Real/Fake: 93.61% | Transform: 92.40%
  [Val]   Real/Fake: 51.62% | Transform: 62.38%

✓ Restored best model (val score: 58.50%)

========================= Multi-Task Real/Fake =========================
              precision    recall  f1-score   support

        Real     0.7411    0.1277    0.2178       650
        Fake     0.5227    0.9554    0.6757       650

    accuracy                         0.5415      1300
   macro avg     0.6319    0.5415    0.4468      1300
weighted avg     0.6319    0.5415    0.4468      1300

  ROC-AUC: 0.8048 | Average Precision: 0.8599

========================= Multi-Task Transformation =========================
               precision    recall  f1-score   support

     Original     0.5196    0.9540    0.6728       500
  Transmitted     0.8395    0.1623    0.2720       419
Redigitalized     0.9037    0.7139    0.7977       381

     accuracy                         0.6285      1300
    macro avg     0.7543    0.6101    0.5808      1300
 weighted avg     0.7353    0.6285    0.5802      1300


============================================================
PHASE 4: UNIMODAL vs MULTI-TASK COMPARISON
============================================================

############################################################
UNIMODAL vs MULTI-TASK COMPARISON
############################################################
                    Model Real/Fake Acc (%) Transform Acc (%)
   Unimodal (Binary only)             56.54               N/A
Unimodal (Transform only)               N/A             64.69
       Multi-task (Joint)             54.15             62.85

  Delta (Binary):    -2.38% ↓ degraded
  Delta (Transform): -1.85% ↓ degraded

  ✗ Joint training DEGRADES both tasks — the tasks compete for capacity.

============================================================
PHASE 5: PER-TRANSFORMATION ACCURACY BREAKDOWN
============================================================

============================================================
PER-TRANSFORMATION REAL/FAKE ACCURACY BREAKDOWN
============================================================

  [ORIGINAL] (n=500)
    Overall Real/Fake Acc: 54.60%
    Real images correct:   12.00% (n=250)
    Fake images correct:   97.20% (n=250)

  [TRANSMITTED] (n=419)
    Overall Real/Fake Acc: 56.09%
    Real images correct:   17.50% (n=200)
    Fake images correct:   91.32% (n=219)

  [REDIGITALIZED] (n=381)
    Overall Real/Fake Acc: 51.44%
    Real images correct:   9.00% (n=200)
    Fake images correct:   98.34% (n=181)

============================================================
PHASE 6: CROSS-CLASS TRANSFORMATION TRACE ANALYSIS
============================================================

============================================================
CROSS-CLASS TRANSFORMATION TRACE ANALYSIS
============================================================

Detailed 6-cell analysis (binary_class × transform_type):
binary_class transform_type  n_samples  binary_acc  binary_misclass_rate  avg_confidence  transform_acc
        real       original        250      0.1200                0.8800          0.1275         0.9160
        real    transmitted        200      0.1750                0.8250          0.1827         0.1500
        real  redigitalized        200      0.0900                0.9100          0.1061         0.7300
        fake       original        250      0.9720                0.0280          0.9639         0.9920
        fake    transmitted        219      0.9132                0.0868          0.9082         0.1735
        fake  redigitalized        181      0.9834                0.0166          0.9630         0.6961

============================================================
PHASE 8: VISUAL INFERENCE
============================================================

============================================================
PHASE 7: ABLATION STUDY (Loss Weight Sweep)
============================================================

############################################################
ABLATION STUDY: Loss Weight Sweep
############################################################

--- Config: w1=1.0, w2=0.0 (binary_only) ---

============================================================
Training [ablation_binary_only] | w1=1.0, w2=0.0 | DRCT contrastive=0.2 | 10 epochs
============================================================

Epoch [1/10] Loss: 1.1962 (con: 3.3852) | LR: 0.000098
  [Train] Real/Fake: 73.88% | Transform: 32.84%
  [Val]   Real/Fake: 49.31% | Transform: 34.08%
  ★ New best model saved (41.69%)

Epoch [2/10] Loss: 1.0426 (con: 3.2991) | LR: 0.000090
  [Train] Real/Fake: 82.13% | Transform: 34.09%
  [Val]   Real/Fake: 49.46% | Transform: 33.54%

Epoch [3/10] Loss: 0.9793 (con: 3.2452) | LR: 0.000079
  [Train] Real/Fake: 85.43% | Transform: 32.90%
  [Val]   Real/Fake: 49.62% | Transform: 32.77%

Epoch [4/10] Loss: 0.9257 (con: 3.2018) | LR: 0.000065
  [Train] Real/Fake: 87.28% | Transform: 33.48%
  [Val]   Real/Fake: 52.92% | Transform: 34.23%
  ★ New best model saved (43.58%)

Epoch [5/10] Loss: 0.8889 (con: 3.1716) | LR: 0.000050
  [Train] Real/Fake: 89.24% | Transform: 33.22%
  [Val]   Real/Fake: 50.31% | Transform: 34.08%

Epoch [6/10] Loss: 0.8560 (con: 3.1346) | LR: 0.000035
  [Train] Real/Fake: 90.06% | Transform: 33.64%
  [Val]   Real/Fake: 50.92% | Transform: 34.15%

Epoch [7/10] Loss: 0.8127 (con: 3.0892) | LR: 0.000021
  [Train] Real/Fake: 92.15% | Transform: 32.70%
  [Val]   Real/Fake: 56.92% | Transform: 32.23%
  ★ New best model saved (44.58%)

Epoch [8/10] Loss: 0.7847 (con: 3.0590) | LR: 0.000010
  [Train] Real/Fake: 92.94% | Transform: 32.88%
  [Val]   Real/Fake: 51.69% | Transform: 35.00%

Epoch [9/10] Loss: 0.7574 (con: 3.0261) | LR: 0.000002
  [Train] Real/Fake: 94.10% | Transform: 33.42%
  [Val]   Real/Fake: 51.46% | Transform: 34.69%

Epoch [10/10] Loss: 0.7507 (con: 3.0175) | LR: 0.000000
  [Train] Real/Fake: 94.16% | Transform: 32.81%
  [Val]   Real/Fake: 51.15% | Transform: 34.62%

⚠ Early stopping triggered at epoch 10

✓ Restored best model (val score: 44.58%)
  Final Val -> Real/Fake: 56.92%, Transform: 32.23%

--- Config: w1=0.75, w2=0.25 (binary_dominant) ---

============================================================
Training [ablation_binary_dominant] | w1=0.75, w2=0.25 | DRCT contrastive=0.2 | 10 epochs
============================================================

Epoch [1/10] Loss: 1.2595 (con: 3.3803) | LR: 0.000098
  [Train] Real/Fake: 72.60% | Transform: 63.81%
  [Val]   Real/Fake: 49.23% | Transform: 63.08%
  ★ New best model saved (56.15%)

Epoch [2/10] Loss: 1.0810 (con: 3.3021) | LR: 0.000090
  [Train] Real/Fake: 82.09% | Transform: 78.42%
  [Val]   Real/Fake: 49.77% | Transform: 59.85%

Epoch [3/10] Loss: 1.0060 (con: 3.2495) | LR: 0.000079
  [Train] Real/Fake: 85.60% | Transform: 82.00%
  [Val]   Real/Fake: 50.92% | Transform: 61.62%
  ★ New best model saved (56.27%)

Epoch [4/10] Loss: 0.9577 (con: 3.2056) | LR: 0.000065
  [Train] Real/Fake: 87.09% | Transform: 83.04%
  [Val]   Real/Fake: 51.69% | Transform: 58.00%

Epoch [5/10] Loss: 0.9040 (con: 3.1542) | LR: 0.000050
  [Train] Real/Fake: 89.45% | Transform: 84.75%
  [Val]   Real/Fake: 50.62% | Transform: 58.77%

Epoch [6/10] Loss: 0.8843 (con: 3.1376) | LR: 0.000035
  [Train] Real/Fake: 90.09% | Transform: 85.97%
  [Val]   Real/Fake: 50.92% | Transform: 62.00%
  ★ New best model saved (56.46%)

Epoch [7/10] Loss: 0.8345 (con: 3.0780) | LR: 0.000021
  [Train] Real/Fake: 92.31% | Transform: 86.43%
  [Val]   Real/Fake: 54.15% | Transform: 56.62%

Epoch [8/10] Loss: 0.8174 (con: 3.0657) | LR: 0.000010
  [Train] Real/Fake: 92.91% | Transform: 87.52%
  [Val]   Real/Fake: 52.69% | Transform: 57.08%

Epoch [9/10] Loss: 0.7923 (con: 3.0362) | LR: 0.000002
  [Train] Real/Fake: 93.76% | Transform: 88.63%
  [Val]   Real/Fake: 52.62% | Transform: 59.85%

⚠ Early stopping triggered at epoch 9

✓ Restored best model (val score: 56.46%)
  Final Val -> Real/Fake: 50.92%, Transform: 62.00%

--- Config: w1=0.5, w2=0.5 (equal) ---

============================================================
Training [ablation_equal] | w1=0.5, w2=0.5 | DRCT contrastive=0.2 | 10 epochs
============================================================

Epoch [1/10] Loss: 1.2896 (con: 3.3930) | LR: 0.000098
  [Train] Real/Fake: 72.94% | Transform: 68.69%
  [Val]   Real/Fake: 49.15% | Transform: 63.31%
  ★ New best model saved (56.23%)

Epoch [2/10] Loss: 1.1028 (con: 3.3190) | LR: 0.000090
  [Train] Real/Fake: 81.18% | Transform: 81.18%
  [Val]   Real/Fake: 50.15% | Transform: 62.69%
  ★ New best model saved (56.42%)

Epoch [3/10] Loss: 1.0088 (con: 3.2488) | LR: 0.000079
  [Train] Real/Fake: 85.24% | Transform: 83.82%
  [Val]   Real/Fake: 49.38% | Transform: 65.31%
  ★ New best model saved (57.35%)

Epoch [4/10] Loss: 0.9684 (con: 3.2179) | LR: 0.000065
  [Train] Real/Fake: 86.33% | Transform: 85.39%
  [Val]   Real/Fake: 52.00% | Transform: 58.23%

Epoch [5/10] Loss: 0.9305 (con: 3.1901) | LR: 0.000050
  [Train] Real/Fake: 87.99% | Transform: 87.01%
  [Val]   Real/Fake: 49.77% | Transform: 63.77%

Epoch [6/10] Loss: 0.8817 (con: 3.1380) | LR: 0.000035
  [Train] Real/Fake: 89.94% | Transform: 88.28%
  [Val]   Real/Fake: 50.23% | Transform: 64.31%

⚠ Early stopping triggered at epoch 6

✓ Restored best model (val score: 57.35%)
  Final Val -> Real/Fake: 49.38%, Transform: 65.31%

--- Config: w1=0.25, w2=0.75 (transform_dominant) ---

============================================================
Training [ablation_transform_dominant] | w1=0.25, w2=0.75 | DRCT contrastive=0.2 | 10 epochs
============================================================

Epoch [1/10] Loss: 1.3183 (con: 3.3998) | LR: 0.000098
  [Train] Real/Fake: 71.73% | Transform: 69.64%
  [Val]   Real/Fake: 49.54% | Transform: 61.38%
  ★ New best model saved (55.46%)

Epoch [2/10] Loss: 1.1181 (con: 3.3359) | LR: 0.000090
  [Train] Real/Fake: 79.21% | Transform: 81.07%
  [Val]   Real/Fake: 49.08% | Transform: 60.62%

Epoch [3/10] Loss: 1.0310 (con: 3.2754) | LR: 0.000079
  [Train] Real/Fake: 83.81% | Transform: 84.43%
  [Val]   Real/Fake: 50.00% | Transform: 61.77%
  ★ New best model saved (55.88%)

Epoch [4/10] Loss: 0.9767 (con: 3.2456) | LR: 0.000065
  [Train] Real/Fake: 85.10% | Transform: 86.90%
  [Val]   Real/Fake: 51.38% | Transform: 61.69%
  ★ New best model saved (56.54%)

Epoch [5/10] Loss: 0.9243 (con: 3.2058) | LR: 0.000050
  [Train] Real/Fake: 87.25% | Transform: 87.88%
  [Val]   Real/Fake: 51.31% | Transform: 59.69%

Epoch [6/10] Loss: 0.8833 (con: 3.1681) | LR: 0.000035
  [Train] Real/Fake: 88.99% | Transform: 89.99%
  [Val]   Real/Fake: 51.00% | Transform: 60.77%

Epoch [7/10] Loss: 0.8511 (con: 3.1272) | LR: 0.000021
  [Train] Real/Fake: 90.45% | Transform: 90.99%
  [Val]   Real/Fake: 51.08% | Transform: 62.85%
  ★ New best model saved (56.96%)

Epoch [8/10] Loss: 0.8144 (con: 3.1029) | LR: 0.000010
  [Train] Real/Fake: 91.36% | Transform: 92.49%
  [Val]   Real/Fake: 56.92% | Transform: 62.15%
  ★ New best model saved (59.54%)

Epoch [9/10] Loss: 0.8128 (con: 3.0980) | LR: 0.000002
  [Train] Real/Fake: 91.16% | Transform: 92.73%
  [Val]   Real/Fake: 50.77% | Transform: 63.77%

Epoch [10/10] Loss: 0.7947 (con: 3.0658) | LR: 0.000000
  [Train] Real/Fake: 92.36% | Transform: 93.01%
  [Val]   Real/Fake: 51.69% | Transform: 62.92%

✓ Restored best model (val score: 59.54%)
  Final Val -> Real/Fake: 56.92%, Transform: 62.15%

--- Config: w1=0.0, w2=1.0 (transform_only) ---

============================================================
Training [ablation_transform_only] | w1=0.0, w2=1.0 | DRCT contrastive=0.2 | 10 epochs
============================================================

Epoch [1/10] Loss: 1.3852 (con: 3.4230) | LR: 0.000098
  [Train] Real/Fake: 51.91% | Transform: 68.09%
  [Val]   Real/Fake: 46.77% | Transform: 62.69%
  ★ New best model saved (54.73%)

Epoch [2/10] Loss: 1.1557 (con: 3.3822) | LR: 0.000090
  [Train] Real/Fake: 49.82% | Transform: 80.34%
  [Val]   Real/Fake: 42.23% | Transform: 58.31%

Epoch [3/10] Loss: 1.0581 (con: 3.3549) | LR: 0.000079
  [Train] Real/Fake: 53.43% | Transform: 83.84%
  [Val]   Real/Fake: 39.69% | Transform: 57.92%

Epoch [4/10] Loss: 1.0107 (con: 3.3193) | LR: 0.000065
  [Train] Real/Fake: 52.76% | Transform: 85.49%
  [Val]   Real/Fake: 39.54% | Transform: 63.46%

⚠ Early stopping triggered at epoch 4

✓ Restored best model (val score: 54.73%)
  Final Val -> Real/Fake: 46.77%, Transform: 62.69%

============================================================
PHASE 9: SAVING RESULTS
============================================================

============================================================
ALL EXPERIMENTS COMPLETE! Total time: 40.5 minutes
Results saved to: /leonardo/home/userexternal/asathyan/2Fast2Detections/results/
Model checkpoints: /leonardo/home/userexternal/asathyan/2Fast2Detections/checkpoints/
Experiment summary: /leonardo/home/userexternal/asathyan/2Fast2Detections/results/experiment_summary.json
============================================================
=============================================
Job finished at: Thu Jun 11 20:55:02 CEST 2026
=============================================
